exports[`App snapshots 1`] = `
<section
  className="kCasjK">
  <form
    className="field has-addons"
    onSubmit={[Function]}>
    <p
      className="control bMAZFf">
      <input
        className="input"
        onChange={[Function]}
        placeholder="Add a to-do"
        type="text" />
    </p>
    <p
      className="control">
      <button
        className="button is-primary"
        type="submit">
        +
      </button>
    </p>
  </form>
  <h3
    className="subtitle is-3 has-text-centered">
    You have nothing to do. Enjoy! ðŸ˜œ
  </h3>
</section>
`;
